
# ========================================
# From file: test_starlark_inline.conf
{{REGEX:# Git repo: .*}}
{{REGEX:# File path in repo: .*}}
{{REGEX:# Commit: [0-9a-f]{12}}}
{{REGEX:# Status: (clean|modified|staged|untracked|unknown)( \(.*\))?}}
# ========================================

# Test Starlark inlining
[[inputs.cpu]]
  percpu = false
  totalcpu = true

[[processors.starlark]]
  source = '''
def apply(metric):
    metric.tags["processed"] = "true"
    return metric

'''

[[outputs.file]]
  files = ["stdout"]
