
# ========================================
# From file: test_multiline.conf
{{REGEX:# Git repo: .*}}
{{REGEX:# File path in repo: .*}}
{{REGEX:# Commit: [0-9a-f]{12}}}
{{REGEX:# Status: (clean|modified|staged|untracked|unknown)( \(.*\))?}}
# ========================================

[[inputs.cpu]]
  percpu = false
  totalcpu = true

[[outputs.execd]]
  command = ["sh", "-c", '''
tmpfile=$(mktemp)
trap 'rm -f "$tmpfile"' EXIT
openssl base64 -d -A <<'FIXEDIT_SCRIPT_EOF' >"$tmpfile"
IyEvYmluL3NoCmVjaG8gIlByb2Nlc3NpbmcgZGF0YSIKY2F0Cgo=
FIXEDIT_SCRIPT_EOF
sh "$tmpfile" "arg1" "arg2"''']

[[outputs.file]]
  files = ["stdout"]

